Component: ARM Compiler 5.06 update 6 (build 750) Tool: armlink [4d35ed]

==============================================================================

Section Cross References

    main.o(i.display) refers to main.o(i.display_sec) for display_sec
    main.o(i.display) refers to main.o(i.display_min) for display_min
    main.o(i.display) refers to main.o(i.display_hour) for display_hour
    main.o(i.display) refers to main.o(i.display_day) for display_day
    main.o(i.display) refers to main.o(i.display_month) for display_month
    main.o(i.display) refers to main.o(i.display_year) for display_year
    main.o(i.display_day) refers to oled.o(i.OLED_ShowChar) for OLED_ShowChar
    main.o(i.display_day) refers to oled.o(i.OLED_ClearChar) for OLED_ClearChar
    main.o(i.display_hour) refers to oled.o(i.OLED_ShowChar24) for OLED_ShowChar24
    main.o(i.display_hour) refers to oled.o(i.OLED_ClearChar24) for OLED_ClearChar24
    main.o(i.display_min) refers to oled.o(i.OLED_ShowChar24) for OLED_ShowChar24
    main.o(i.display_min) refers to oled.o(i.OLED_ClearChar24) for OLED_ClearChar24
    main.o(i.display_month) refers to oled.o(i.OLED_ShowChar) for OLED_ShowChar
    main.o(i.display_month) refers to oled.o(i.OLED_ClearChar) for OLED_ClearChar
    main.o(i.display_sec) refers to oled.o(i.OLED_ShowChar24) for OLED_ShowChar24
    main.o(i.display_sec) refers to oled.o(i.OLED_ClearChar24) for OLED_ClearChar24
    main.o(i.display_year) refers to oled.o(i.OLED_ShowChar) for OLED_ShowChar
    main.o(i.display_year) refers to oled.o(i.OLED_ClearChar) for OLED_ClearChar
    main.o(i.main) refers to delay.o(i.delay_init) for delay_init
    main.o(i.main) refers to delay.o(i.delay_ms) for delay_ms
    main.o(i.main) refers to beep.o(i.BEEP_GPIO_Init) for BEEP_GPIO_Init
    main.o(i.main) refers to matrixkey.o(i.MatrixKey_Init) for MatrixKey_Init
    main.o(i.main) refers to oled.o(i.OLED_Init) for OLED_Init
    main.o(i.main) refers to oled_r.o(i.OLED_Init_r) for OLED_Init_r
    main.o(i.main) refers to ds1302.o(i.DS1302_init) for DS1302_init
    main.o(i.main) refers to dht11.o(i.DHT11_GPIO_Config) for DHT11_GPIO_Config
    main.o(i.main) refers to oled.o(i.OLED_Clear) for OLED_Clear
    main.o(i.main) refers to oled.o(i.OLED_ShowNum) for OLED_ShowNum
    main.o(i.main) refers to oled.o(i.OLED_ShowCH) for OLED_ShowCH
    main.o(i.main) refers to matrixkey.o(i.MatrixKey_GetValue) for MatrixKey_GetValue
    main.o(i.main) refers to ds1302.o(i.DS1302_Readtime) for DS1302_Readtime
    main.o(i.main) refers to main.o(i.show_time) for show_time
    main.o(i.main) refers to main.o(i.display) for display
    main.o(i.main) refers to ds1302.o(i.DS1302_SetTime) for DS1302_SetTime
    main.o(i.main) refers to main.o(i.display_hour) for display_hour
    main.o(i.main) refers to main.o(i.display_min) for display_min
    main.o(i.main) refers to main.o(i.display_sec) for display_sec
    main.o(i.main) refers to oled.o(i.show_bell) for show_bell
    main.o(i.main) refers to main.o(i.show_time1) for show_time1
    main.o(i.main) refers to main.o(.data) for time_data
    main.o(i.main) refers to oled_r.o(i.OLED_Clear_r) for OLED_Clear_r
    main.o(i.main) refers to oled_r.o(i.OLED_ShowString) for OLED_ShowString
    main.o(i.main) refers to dht11.o(i.Read_DHT11) for Read_DHT11
    main.o(i.main) refers to oled_r.o(i.OLED_ShowNum_r) for OLED_ShowNum_r
    main.o(i.show_time) refers to oled.o(i.OLED_ShowChar) for OLED_ShowChar
    main.o(i.show_time) refers to oled.o(i.OLED_ShowChar24) for OLED_ShowChar24
    main.o(i.show_time1) refers to oled.o(i.OLED_ShowChar24) for OLED_ShowChar24
    delay.o(i.delay_init) refers to misc.o(i.SysTick_CLKSourceConfig) for SysTick_CLKSourceConfig
    delay.o(i.delay_init) refers to system_stm32f10x.o(.data) for SystemCoreClock
    delay.o(i.delay_init) refers to delay.o(.data) for fac_us
    delay.o(i.delay_ms) refers to delay.o(.data) for fac_ms
    delay.o(i.delay_us) refers to delay.o(.data) for fac_us
    system_stm32f10x.o(i.SetSysClock) refers to system_stm32f10x.o(i.SetSysClockTo72) for SetSysClockTo72
    system_stm32f10x.o(i.SystemCoreClockUpdate) refers to system_stm32f10x.o(.data) for SystemCoreClock
    system_stm32f10x.o(i.SystemInit) refers to system_stm32f10x.o(i.SetSysClock) for SetSysClock
    startup_stm32f10x_hd.o(RESET) refers to startup_stm32f10x_hd.o(STACK) for __initial_sp
    startup_stm32f10x_hd.o(RESET) refers to startup_stm32f10x_hd.o(.text) for Reset_Handler
    startup_stm32f10x_hd.o(RESET) refers to stm32f10x_it.o(i.NMI_Handler) for NMI_Handler
    startup_stm32f10x_hd.o(RESET) refers to stm32f10x_it.o(i.HardFault_Handler) for HardFault_Handler
    startup_stm32f10x_hd.o(RESET) refers to stm32f10x_it.o(i.MemManage_Handler) for MemManage_Handler
    startup_stm32f10x_hd.o(RESET) refers to stm32f10x_it.o(i.BusFault_Handler) for BusFault_Handler
    startup_stm32f10x_hd.o(RESET) refers to stm32f10x_it.o(i.UsageFault_Handler) for UsageFault_Handler
    startup_stm32f10x_hd.o(RESET) refers to stm32f10x_it.o(i.SVC_Handler) for SVC_Handler
    startup_stm32f10x_hd.o(RESET) refers to stm32f10x_it.o(i.DebugMon_Handler) for DebugMon_Handler
    startup_stm32f10x_hd.o(RESET) refers to stm32f10x_it.o(i.PendSV_Handler) for PendSV_Handler
    startup_stm32f10x_hd.o(RESET) refers to stm32f10x_it.o(i.SysTick_Handler) for SysTick_Handler
    startup_stm32f10x_hd.o(.text) refers to system_stm32f10x.o(i.SystemInit) for SystemInit
    startup_stm32f10x_hd.o(.text) refers to entry.o(.ARM.Collect$$$$00000000) for __main
    stm32f10x_gpio.o(i.GPIO_AFIODeInit) refers to stm32f10x_rcc.o(i.RCC_APB2PeriphResetCmd) for RCC_APB2PeriphResetCmd
    stm32f10x_gpio.o(i.GPIO_DeInit) refers to stm32f10x_rcc.o(i.RCC_APB2PeriphResetCmd) for RCC_APB2PeriphResetCmd
    stm32f10x_rcc.o(i.RCC_GetClocksFreq) refers to stm32f10x_rcc.o(.data) for APBAHBPrescTable
    stm32f10x_rcc.o(i.RCC_WaitForHSEStartUp) refers to stm32f10x_rcc.o(i.RCC_GetFlagStatus) for RCC_GetFlagStatus
    beep.o(i.BEEP_GPIO_Init) refers to stm32f10x_rcc.o(i.RCC_APB2PeriphClockCmd) for RCC_APB2PeriphClockCmd
    beep.o(i.BEEP_GPIO_Init) refers to stm32f10x_gpio.o(i.GPIO_Init) for GPIO_Init
    oled.o(i.GB16_NUM) refers to oled.o(.data) for hz_index
    oled.o(i.IIC_GPIO_Config) refers to stm32f10x_rcc.o(i.RCC_APB2PeriphClockCmd) for RCC_APB2PeriphClockCmd
    oled.o(i.IIC_GPIO_Config) refers to stm32f10x_gpio.o(i.GPIO_Init) for GPIO_Init
    oled.o(i.IIC_GPIO_Config) refers to oled.o(i.IIC_Stop) for IIC_Stop
    oled.o(i.IIC_Start) refers to oled.o(i.IIC_Delay) for IIC_Delay
    oled.o(i.IIC_Stop) refers to oled.o(i.IIC_Delay) for IIC_Delay
    oled.o(i.IIC_WaitAck) refers to oled.o(i.IIC_Delay) for IIC_Delay
    oled.o(i.IIC_WaitAck) refers to stm32f10x_gpio.o(i.GPIO_ReadInputDataBit) for GPIO_ReadInputDataBit
    oled.o(i.OLED_Clear) refers to oled.o(i.OLED_Fill) for OLED_Fill
    oled.o(i.OLED_ClearChar) refers to oled.o(i.OLED_Set_Pos) for OLED_Set_Pos
    oled.o(i.OLED_ClearChar) refers to oled.o(i.Write_IIC_Data) for Write_IIC_Data
    oled.o(i.OLED_ClearChar24) refers to oled.o(i.OLED_Set_Pos) for OLED_Set_Pos
    oled.o(i.OLED_ClearChar24) refers to oled.o(i.Write_IIC_Data) for Write_IIC_Data
    oled.o(i.OLED_DrawBMP) refers to oled.o(i.OLED_Set_Pos) for OLED_Set_Pos
    oled.o(i.OLED_DrawBMP) refers to oled.o(i.Write_IIC_Data) for Write_IIC_Data
    oled.o(i.OLED_Fill) refers to oled.o(i.Write_IIC_Command) for Write_IIC_Command
    oled.o(i.OLED_Fill) refers to oled.o(i.Write_IIC_Data) for Write_IIC_Data
    oled.o(i.OLED_Init) refers to oled.o(i.GB16_NUM) for GB16_NUM
    oled.o(i.OLED_Init) refers to oled.o(i.IIC_GPIO_Config) for IIC_GPIO_Config
    oled.o(i.OLED_Init) refers to oled.o(i.Write_IIC_Command) for Write_IIC_Command
    oled.o(i.OLED_Init) refers to oled.o(.data) for HZ
    oled.o(i.OLED_OFF) refers to oled.o(i.Write_IIC_Command) for Write_IIC_Command
    oled.o(i.OLED_ON) refers to oled.o(i.Write_IIC_Command) for Write_IIC_Command
    oled.o(i.OLED_Set_Pos) refers to oled.o(i.Write_IIC_Command) for Write_IIC_Command
    oled.o(i.OLED_ShowCH) refers to oled.o(i.OLED_Set_Pos) for OLED_Set_Pos
    oled.o(i.OLED_ShowCH) refers to oled.o(i.Write_IIC_Data) for Write_IIC_Data
    oled.o(i.OLED_ShowCH) refers to strchr.o(.text) for strchr
    oled.o(i.OLED_ShowCH) refers to oled.o(.data) for hz_index
    oled.o(i.OLED_ShowChar) refers to oled.o(i.OLED_Set_Pos) for OLED_Set_Pos
    oled.o(i.OLED_ShowChar) refers to oled.o(i.Write_IIC_Data) for Write_IIC_Data
    oled.o(i.OLED_ShowChar) refers to oled.o(.data) for zf
    oled.o(i.OLED_ShowChar24) refers to oled.o(i.OLED_Set_Pos) for OLED_Set_Pos
    oled.o(i.OLED_ShowChar24) refers to oled.o(i.Write_IIC_Data) for Write_IIC_Data
    oled.o(i.OLED_ShowChar24) refers to oled.o(.data) for zf24
    oled.o(i.OLED_ShowNum) refers to oled.o(i.oled_pow) for oled_pow
    oled.o(i.OLED_ShowNum) refers to oled.o(i.OLED_ShowChar) for OLED_ShowChar
    oled.o(i.Write_IIC_Byte) refers to oled.o(i.IIC_Delay) for IIC_Delay
    oled.o(i.Write_IIC_Command) refers to oled.o(i.IIC_Start) for IIC_Start
    oled.o(i.Write_IIC_Command) refers to oled.o(i.Write_IIC_Byte) for Write_IIC_Byte
    oled.o(i.Write_IIC_Command) refers to oled.o(i.IIC_WaitAck) for IIC_WaitAck
    oled.o(i.Write_IIC_Command) refers to oled.o(i.IIC_Stop) for IIC_Stop
    oled.o(i.Write_IIC_Data) refers to oled.o(i.IIC_Start) for IIC_Start
    oled.o(i.Write_IIC_Data) refers to oled.o(i.Write_IIC_Byte) for Write_IIC_Byte
    oled.o(i.Write_IIC_Data) refers to oled.o(i.IIC_WaitAck) for IIC_WaitAck
    oled.o(i.Write_IIC_Data) refers to oled.o(i.IIC_Stop) for IIC_Stop
    oled.o(i.show_bell) refers to oled.o(i.OLED_Set_Pos) for OLED_Set_Pos
    oled.o(i.show_bell) refers to oled.o(i.Write_IIC_Data) for Write_IIC_Data
    oled.o(i.show_bell) refers to oled.o(.data) for zf
    ds1302.o(i.DS1302_GPIOInit) refers to stm32f10x_rcc.o(i.RCC_APB2PeriphClockCmd) for RCC_APB2PeriphClockCmd
    ds1302.o(i.DS1302_GPIOInit) refers to stm32f10x_gpio.o(i.GPIO_Init) for GPIO_Init
    ds1302.o(i.DS1302_IO_GPIO) refers to stm32f10x_gpio.o(i.GPIO_Init) for GPIO_Init
    ds1302.o(i.DS1302_OFF) refers to ds1302.o(i.DS1302_Read) for DS1302_Read
    ds1302.o(i.DS1302_OFF) refers to ds1302.o(i.DS1302_Write) for DS1302_Write
    ds1302.o(i.DS1302_ON) refers to ds1302.o(i.DS1302_Read) for DS1302_Read
    ds1302.o(i.DS1302_ON) refers to ds1302.o(i.DS1302_Write) for DS1302_Write
    ds1302.o(i.DS1302_Read) refers to ds1302.o(i.DS1302_delay) for DS1302_delay
    ds1302.o(i.DS1302_Read) refers to ds1302.o(i.DS1302_IO_GPIO) for DS1302_IO_GPIO
    ds1302.o(i.DS1302_Read) refers to stm32f10x_gpio.o(i.GPIO_ReadInputDataBit) for GPIO_ReadInputDataBit
    ds1302.o(i.DS1302_Readtime) refers to ds1302.o(i.DS1302_Read) for DS1302_Read
    ds1302.o(i.DS1302_Readtime) refers to main.o(.data) for time_data
    ds1302.o(i.DS1302_SetTime) refers to ds1302.o(i.DS1302_Write) for DS1302_Write
    ds1302.o(i.DS1302_Write) refers to ds1302.o(i.DS1302_delay) for DS1302_delay
    ds1302.o(i.DS1302_init) refers to ds1302.o(i.DS1302_GPIOInit) for DS1302_GPIOInit
    ds1302.o(i.DS1302_init) refers to ds1302.o(i.DS1302_delay) for DS1302_delay
    ds1302.o(i.DS1302_init) refers to ds1302.o(i.DS1302_Write) for DS1302_Write
    ds1302.o(i.DS1302_init) refers to ds1302.o(i.DS1302_Read) for DS1302_Read
    ds1302.o(i.DS1302_init) refers to ds1302.o(i.DS1302_SetTime) for DS1302_SetTime
    lcd1602v1.o(i.GPIO_OUT_config) refers to stm32f10x_rcc.o(i.RCC_APB2PeriphClockCmd) for RCC_APB2PeriphClockCmd
    lcd1602v1.o(i.GPIO_OUT_config) refers to stm32f10x_gpio.o(i.GPIO_Init) for GPIO_Init
    lcd1602v1.o(i.LCD1602_ClearScreen) refers to lcd1602v1.o(i.LCD1602_Write_CMD) for LCD1602_Write_CMD
    lcd1602v1.o(i.LCD1602_Set_Cursor) refers to lcd1602v1.o(i.LCD1602_Write_CMD) for LCD1602_Write_CMD
    lcd1602v1.o(i.LCD1602_Write_CMD) refers to stm32f10x_gpio.o(i.GPIO_ResetBits) for GPIO_ResetBits
    lcd1602v1.o(i.LCD1602_Write_CMD) refers to stm32f10x_gpio.o(i.GPIO_SetBits) for GPIO_SetBits
    lcd1602v1.o(i.LCD1602_Write_CMD) refers to delay.o(i.delay_ms) for delay_ms
    lcd1602v1.o(i.LCD1602_Write_CMD) refers to stm32f10x_gpio.o(i.GPIO_ReadOutputData) for GPIO_ReadOutputData
    lcd1602v1.o(i.LCD1602_Write_CMD) refers to stm32f10x_gpio.o(i.GPIO_Write) for GPIO_Write
    lcd1602v1.o(i.LCD1602_Write_Data) refers to stm32f10x_gpio.o(i.GPIO_SetBits) for GPIO_SetBits
    lcd1602v1.o(i.LCD1602_Write_Data) refers to stm32f10x_gpio.o(i.GPIO_ResetBits) for GPIO_ResetBits
    lcd1602v1.o(i.LCD1602_Write_Data) refers to delay.o(i.delay_ms) for delay_ms
    lcd1602v1.o(i.LCD1602_Write_Data) refers to stm32f10x_gpio.o(i.GPIO_ReadOutputData) for GPIO_ReadOutputData
    lcd1602v1.o(i.LCD1602_Write_Data) refers to stm32f10x_gpio.o(i.GPIO_Write) for GPIO_Write
    lcd1602v1.o(i.LCD_Init) refers to lcd1602v1.o(i.GPIO_OUT_config) for GPIO_OUT_config
    lcd1602v1.o(i.LCD_Init) refers to lcd1602v1.o(i.LCD1602_Write_CMD) for LCD1602_Write_CMD
    lcd1602v1.o(i.LCD_Init) refers to delay.o(i.delay_ms) for delay_ms
    lcd1602v1.o(i.LCD_ShowChar) refers to lcd1602v1.o(i.LCD1602_Set_Cursor) for LCD1602_Set_Cursor
    lcd1602v1.o(i.LCD_ShowChar) refers to lcd1602v1.o(i.LCD1602_Write_Data) for LCD1602_Write_Data
    lcd1602v1.o(i.LCD_ShowNum) refers to lcd1602v1.o(i.LCD1602_Set_Cursor) for LCD1602_Set_Cursor
    lcd1602v1.o(i.LCD_ShowNum) refers to lcd1602v1.o(i.LCD_POW) for LCD_POW
    lcd1602v1.o(i.LCD_ShowNum) refers to lcd1602v1.o(i.LCD1602_Write_Data) for LCD1602_Write_Data
    lcd1602v1.o(i.LCD_Show_String) refers to lcd1602v1.o(i.LCD1602_Set_Cursor) for LCD1602_Set_Cursor
    lcd1602v1.o(i.LCD_Show_String) refers to lcd1602v1.o(i.LCD1602_Write_Data) for LCD1602_Write_Data
    matrixkey.o(i.MatrixKey_GetValue) refers to stm32f10x_gpio.o(i.GPIO_ResetBits) for GPIO_ResetBits
    matrixkey.o(i.MatrixKey_GetValue) refers to stm32f10x_gpio.o(i.GPIO_SetBits) for GPIO_SetBits
    matrixkey.o(i.MatrixKey_GetValue) refers to matrixkey.o(i.MatrixKey_determine) for MatrixKey_determine
    matrixkey.o(i.MatrixKey_Init) refers to stm32f10x_rcc.o(i.RCC_APB2PeriphClockCmd) for RCC_APB2PeriphClockCmd
    matrixkey.o(i.MatrixKey_Init) refers to stm32f10x_gpio.o(i.GPIO_Init) for GPIO_Init
    matrixkey.o(i.MatrixKey_determine) refers to stm32f10x_gpio.o(i.GPIO_ReadInputDataBit) for GPIO_ReadInputDataBit
    matrixkey.o(i.MatrixKey_determine) refers to delay.o(i.delay_ms) for delay_ms
    key.o(i.KEY_Init) refers to stm32f10x_rcc.o(i.RCC_APB2PeriphClockCmd) for RCC_APB2PeriphClockCmd
    key.o(i.KEY_Init) refers to stm32f10x_gpio.o(i.GPIO_Init) for GPIO_Init
    key.o(i.KEY_Scan) refers to delay.o(i.delay_ms) for delay_ms
    dht11.o(i.DHT11_GPIO_Config) refers to stm32f10x_rcc.o(i.RCC_APB2PeriphClockCmd) for RCC_APB2PeriphClockCmd
    dht11.o(i.DHT11_GPIO_Config) refers to stm32f10x_gpio.o(i.GPIO_Init) for GPIO_Init
    dht11.o(i.DHT11_GPIO_Config) refers to stm32f10x_gpio.o(i.GPIO_SetBits) for GPIO_SetBits
    dht11.o(i.DHT11_Mode_IPU) refers to stm32f10x_gpio.o(i.GPIO_Init) for GPIO_Init
    dht11.o(i.DHT11_Mode_Out_PP) refers to stm32f10x_gpio.o(i.GPIO_Init) for GPIO_Init
    dht11.o(i.Read_Byte) refers to stm32f10x_gpio.o(i.GPIO_ReadInputDataBit) for GPIO_ReadInputDataBit
    dht11.o(i.Read_Byte) refers to delay.o(i.delay_us) for delay_us
    dht11.o(i.Read_DHT11) refers to dht11.o(i.DHT11_Mode_Out_PP) for DHT11_Mode_Out_PP
    dht11.o(i.Read_DHT11) refers to stm32f10x_gpio.o(i.GPIO_ResetBits) for GPIO_ResetBits
    dht11.o(i.Read_DHT11) refers to delay.o(i.delay_ms) for delay_ms
    dht11.o(i.Read_DHT11) refers to stm32f10x_gpio.o(i.GPIO_SetBits) for GPIO_SetBits
    dht11.o(i.Read_DHT11) refers to delay.o(i.delay_us) for delay_us
    dht11.o(i.Read_DHT11) refers to dht11.o(i.DHT11_Mode_IPU) for DHT11_Mode_IPU
    dht11.o(i.Read_DHT11) refers to stm32f10x_gpio.o(i.GPIO_ReadInputDataBit) for GPIO_ReadInputDataBit
    dht11.o(i.Read_DHT11) refers to dht11.o(i.Read_Byte) for Read_Byte
    oled_r.o(i.OLED_Clear_r) refers to oled_r.o(i.OLED_SetCursor) for OLED_SetCursor
    oled_r.o(i.OLED_Clear_r) refers to oled_r.o(i.OLED_WriteData) for OLED_WriteData
    oled_r.o(i.OLED_I2C_Init) refers to stm32f10x_rcc.o(i.RCC_APB2PeriphClockCmd) for RCC_APB2PeriphClockCmd
    oled_r.o(i.OLED_I2C_Init) refers to stm32f10x_gpio.o(i.GPIO_Init) for GPIO_Init
    oled_r.o(i.OLED_I2C_Init) refers to stm32f10x_gpio.o(i.GPIO_WriteBit) for GPIO_WriteBit
    oled_r.o(i.OLED_I2C_SendByte) refers to stm32f10x_gpio.o(i.GPIO_WriteBit) for GPIO_WriteBit
    oled_r.o(i.OLED_I2C_Start) refers to stm32f10x_gpio.o(i.GPIO_WriteBit) for GPIO_WriteBit
    oled_r.o(i.OLED_I2C_Stop) refers to stm32f10x_gpio.o(i.GPIO_WriteBit) for GPIO_WriteBit
    oled_r.o(i.OLED_Init_r) refers to oled_r.o(i.OLED_I2C_Init) for OLED_I2C_Init
    oled_r.o(i.OLED_Init_r) refers to oled_r.o(i.OLED_WriteCommand) for OLED_WriteCommand
    oled_r.o(i.OLED_Init_r) refers to oled_r.o(i.OLED_Clear_r) for OLED_Clear_r
    oled_r.o(i.OLED_SetCursor) refers to oled_r.o(i.OLED_WriteCommand) for OLED_WriteCommand
    oled_r.o(i.OLED_ShowBinNum) refers to oled_r.o(i.OLED_Pow) for OLED_Pow
    oled_r.o(i.OLED_ShowBinNum) refers to oled_r.o(i.OLED_ShowChar_r) for OLED_ShowChar_r
    oled_r.o(i.OLED_ShowChar_r) refers to oled_r.o(i.OLED_SetCursor) for OLED_SetCursor
    oled_r.o(i.OLED_ShowChar_r) refers to oled_r.o(i.OLED_WriteData) for OLED_WriteData
    oled_r.o(i.OLED_ShowChar_r) refers to oled_r.o(.constdata) for OLED_F8x16
    oled_r.o(i.OLED_ShowHexNum) refers to oled_r.o(i.OLED_Pow) for OLED_Pow
    oled_r.o(i.OLED_ShowHexNum) refers to oled_r.o(i.OLED_ShowChar_r) for OLED_ShowChar_r
    oled_r.o(i.OLED_ShowNum_r) refers to oled_r.o(i.OLED_Pow) for OLED_Pow
    oled_r.o(i.OLED_ShowNum_r) refers to oled_r.o(i.OLED_ShowChar_r) for OLED_ShowChar_r
    oled_r.o(i.OLED_ShowSignedNum) refers to oled_r.o(i.OLED_ShowChar_r) for OLED_ShowChar_r
    oled_r.o(i.OLED_ShowSignedNum) refers to oled_r.o(i.OLED_Pow) for OLED_Pow
    oled_r.o(i.OLED_ShowString) refers to oled_r.o(i.OLED_ShowChar_r) for OLED_ShowChar_r
    oled_r.o(i.OLED_WriteCommand) refers to oled_r.o(i.OLED_I2C_Start) for OLED_I2C_Start
    oled_r.o(i.OLED_WriteCommand) refers to oled_r.o(i.OLED_I2C_SendByte) for OLED_I2C_SendByte
    oled_r.o(i.OLED_WriteCommand) refers to oled_r.o(i.OLED_I2C_Stop) for OLED_I2C_Stop
    oled_r.o(i.OLED_WriteData) refers to oled_r.o(i.OLED_I2C_Start) for OLED_I2C_Start
    oled_r.o(i.OLED_WriteData) refers to oled_r.o(i.OLED_I2C_SendByte) for OLED_I2C_SendByte
    oled_r.o(i.OLED_WriteData) refers to oled_r.o(i.OLED_I2C_Stop) for OLED_I2C_Stop
    entry.o(.ARM.Collect$$$$00000000) refers (Special) to entry10a.o(.ARM.Collect$$$$0000000D) for __rt_final_cpp
    entry.o(.ARM.Collect$$$$00000000) refers (Special) to entry11a.o(.ARM.Collect$$$$0000000F) for __rt_final_exit
    entry.o(.ARM.Collect$$$$00000000) refers (Special) to entry7b.o(.ARM.Collect$$$$00000008) for _main_clock
    entry.o(.ARM.Collect$$$$00000000) refers (Special) to entry8b.o(.ARM.Collect$$$$0000000A) for _main_cpp_init
    entry.o(.ARM.Collect$$$$00000000) refers (Special) to entry9a.o(.ARM.Collect$$$$0000000B) for _main_init
    entry.o(.ARM.Collect$$$$00000000) refers (Special) to entry5.o(.ARM.Collect$$$$00000004) for _main_scatterload
    entry.o(.ARM.Collect$$$$00000000) refers (Special) to entry2.o(.ARM.Collect$$$$00000001) for _main_stk
    entry2.o(.ARM.Collect$$$$00000001) refers to entry2.o(.ARM.Collect$$$$00002712) for __lit__00000000
    entry2.o(.ARM.Collect$$$$00002712) refers to startup_stm32f10x_hd.o(STACK) for __initial_sp
    entry2.o(__vectab_stack_and_reset_area) refers to startup_stm32f10x_hd.o(STACK) for __initial_sp
    entry2.o(__vectab_stack_and_reset_area) refers to entry.o(.ARM.Collect$$$$00000000) for __main
    entry5.o(.ARM.Collect$$$$00000004) refers to init.o(.text) for __scatterload
    entry9a.o(.ARM.Collect$$$$0000000B) refers to main.o(i.main) for main
    entry9b.o(.ARM.Collect$$$$0000000C) refers to main.o(i.main) for main
    init.o(.text) refers to entry5.o(.ARM.Collect$$$$00000004) for __main_after_scatterload


==============================================================================

Removing Unused input sections from the image.

    Removing system_stm32f10x.o(i.SystemCoreClockUpdate), (164 bytes).
    Removing sys.o(.emb_text), (6 bytes).
    Removing sys.o(i.INTX_DISABLE), (4 bytes).
    Removing sys.o(i.INTX_ENABLE), (4 bytes).
    Removing sys.o(i.WFI_SET), (4 bytes).
    Removing core_cm3.o(.emb_text), (32 bytes).
    Removing startup_stm32f10x_hd.o(HEAP), (512 bytes).
    Removing stm32f10x_gpio.o(i.GPIO_AFIODeInit), (20 bytes).
    Removing stm32f10x_gpio.o(i.GPIO_DeInit), (200 bytes).
    Removing stm32f10x_gpio.o(i.GPIO_ETH_MediaInterfaceConfig), (12 bytes).
    Removing stm32f10x_gpio.o(i.GPIO_EXTILineConfig), (64 bytes).
    Removing stm32f10x_gpio.o(i.GPIO_EventOutputCmd), (12 bytes).
    Removing stm32f10x_gpio.o(i.GPIO_EventOutputConfig), (32 bytes).
    Removing stm32f10x_gpio.o(i.GPIO_PinLockConfig), (18 bytes).
    Removing stm32f10x_gpio.o(i.GPIO_PinRemapConfig), (144 bytes).
    Removing stm32f10x_gpio.o(i.GPIO_ReadInputData), (8 bytes).
    Removing stm32f10x_gpio.o(i.GPIO_ReadOutputData), (8 bytes).
    Removing stm32f10x_gpio.o(i.GPIO_ReadOutputDataBit), (18 bytes).
    Removing stm32f10x_gpio.o(i.GPIO_StructInit), (16 bytes).
    Removing stm32f10x_gpio.o(i.GPIO_Write), (4 bytes).
    Removing misc.o(i.NVIC_Init), (112 bytes).
    Removing misc.o(i.NVIC_PriorityGroupConfig), (20 bytes).
    Removing misc.o(i.NVIC_SetVectorTable), (20 bytes).
    Removing misc.o(i.NVIC_SystemLPConfig), (32 bytes).
    Removing stm32f10x_rcc.o(i.RCC_ADCCLKConfig), (24 bytes).
    Removing stm32f10x_rcc.o(i.RCC_AHBPeriphClockCmd), (32 bytes).
    Removing stm32f10x_rcc.o(i.RCC_APB1PeriphClockCmd), (32 bytes).
    Removing stm32f10x_rcc.o(i.RCC_APB1PeriphResetCmd), (32 bytes).
    Removing stm32f10x_rcc.o(i.RCC_APB2PeriphResetCmd), (32 bytes).
    Removing stm32f10x_rcc.o(i.RCC_AdjustHSICalibrationValue), (24 bytes).
    Removing stm32f10x_rcc.o(i.RCC_BackupResetCmd), (12 bytes).
    Removing stm32f10x_rcc.o(i.RCC_ClearFlag), (20 bytes).
    Removing stm32f10x_rcc.o(i.RCC_ClearITPendingBit), (12 bytes).
    Removing stm32f10x_rcc.o(i.RCC_ClockSecuritySystemCmd), (12 bytes).
    Removing stm32f10x_rcc.o(i.RCC_DeInit), (76 bytes).
    Removing stm32f10x_rcc.o(i.RCC_GetClocksFreq), (212 bytes).
    Removing stm32f10x_rcc.o(i.RCC_GetFlagStatus), (60 bytes).
    Removing stm32f10x_rcc.o(i.RCC_GetITStatus), (24 bytes).
    Removing stm32f10x_rcc.o(i.RCC_GetSYSCLKSource), (16 bytes).
    Removing stm32f10x_rcc.o(i.RCC_HCLKConfig), (24 bytes).
    Removing stm32f10x_rcc.o(i.RCC_HSEConfig), (76 bytes).
    Removing stm32f10x_rcc.o(i.RCC_HSICmd), (12 bytes).
    Removing stm32f10x_rcc.o(i.RCC_ITConfig), (32 bytes).
    Removing stm32f10x_rcc.o(i.RCC_LSEConfig), (52 bytes).
    Removing stm32f10x_rcc.o(i.RCC_LSICmd), (12 bytes).
    Removing stm32f10x_rcc.o(i.RCC_MCOConfig), (12 bytes).
    Removing stm32f10x_rcc.o(i.RCC_PCLK1Config), (24 bytes).
    Removing stm32f10x_rcc.o(i.RCC_PCLK2Config), (24 bytes).
    Removing stm32f10x_rcc.o(i.RCC_PLLCmd), (12 bytes).
    Removing stm32f10x_rcc.o(i.RCC_PLLConfig), (28 bytes).
    Removing stm32f10x_rcc.o(i.RCC_RTCCLKCmd), (12 bytes).
    Removing stm32f10x_rcc.o(i.RCC_RTCCLKConfig), (16 bytes).
    Removing stm32f10x_rcc.o(i.RCC_SYSCLKConfig), (24 bytes).
    Removing stm32f10x_rcc.o(i.RCC_USBCLKConfig), (12 bytes).
    Removing stm32f10x_rcc.o(i.RCC_WaitForHSEStartUp), (56 bytes).
    Removing stm32f10x_rcc.o(.data), (20 bytes).
    Removing oled.o(i.OLED_DrawBMP), (118 bytes).
    Removing oled.o(i.OLED_OFF), (22 bytes).
    Removing oled.o(i.OLED_ON), (22 bytes).
    Removing ds1302.o(i.DS1302_OFF), (32 bytes).
    Removing ds1302.o(i.DS1302_ON), (30 bytes).
    Removing lcd1602v1.o(i.GPIO_OUT_config), (44 bytes).
    Removing lcd1602v1.o(i.LCD1602_ClearScreen), (10 bytes).
    Removing lcd1602v1.o(i.LCD1602_Set_Cursor), (28 bytes).
    Removing lcd1602v1.o(i.LCD1602_Write_CMD), (84 bytes).
    Removing lcd1602v1.o(i.LCD1602_Write_Data), (84 bytes).
    Removing lcd1602v1.o(i.LCD_Init), (56 bytes).
    Removing lcd1602v1.o(i.LCD_POW), (22 bytes).
    Removing lcd1602v1.o(i.LCD_ShowChar), (24 bytes).
    Removing lcd1602v1.o(i.LCD_ShowNum), (70 bytes).
    Removing lcd1602v1.o(i.LCD_Show_String), (34 bytes).
    Removing key.o(i.KEY_Init), (36 bytes).
    Removing key.o(i.KEY_Scan), (156 bytes).
    Removing oled_r.o(i.OLED_ShowBinNum), (62 bytes).
    Removing oled_r.o(i.OLED_ShowHexNum), (84 bytes).
    Removing oled_r.o(i.OLED_ShowSignedNum), (102 bytes).

76 unused section(s) (total 3654 bytes) removed from the image.

==============================================================================

Image Symbol Table

    Local Symbols

    Symbol Name                              Value     Ov Type        Size  Object(Section)

    ../clib/../cmprslib/zerorunl2.c          0x00000000   Number         0  __dczerorl2.o ABSOLUTE
    ../clib/microlib/init/entry.s            0x00000000   Number         0  entry10a.o ABSOLUTE
    ../clib/microlib/init/entry.s            0x00000000   Number         0  entry2.o ABSOLUTE
    ../clib/microlib/init/entry.s            0x00000000   Number         0  entry9b.o ABSOLUTE
    ../clib/microlib/init/entry.s            0x00000000   Number         0  entry9a.o ABSOLUTE
    ../clib/microlib/init/entry.s            0x00000000   Number         0  entry7b.o ABSOLUTE
    ../clib/microlib/init/entry.s            0x00000000   Number         0  entry8b.o ABSOLUTE
    ../clib/microlib/init/entry.s            0x00000000   Number         0  entry11b.o ABSOLUTE
    ../clib/microlib/init/entry.s            0x00000000   Number         0  entry7a.o ABSOLUTE
    ../clib/microlib/init/entry.s            0x00000000   Number         0  entry11a.o ABSOLUTE
    ../clib/microlib/init/entry.s            0x00000000   Number         0  entry5.o ABSOLUTE
    ../clib/microlib/init/entry.s            0x00000000   Number         0  entry10b.o ABSOLUTE
    ../clib/microlib/init/entry.s            0x00000000   Number         0  entry.o ABSOLUTE
    ../clib/microlib/init/entry.s            0x00000000   Number         0  entry8a.o ABSOLUTE
    ../clib/microlib/string/strchr.c         0x00000000   Number         0  strchr.o ABSOLUTE
    ..\CORE\STARTUP\startup_stm32f10x_hd.s   0x00000000   Number         0  startup_stm32f10x_hd.o ABSOLUTE
    ..\CORE\core_cm3.c                       0x00000000   Number         0  core_cm3.o ABSOLUTE
    ..\HARDWARE\BEEP\BEEP.c                  0x00000000   Number         0  beep.o ABSOLUTE
    ..\HARDWARE\DHT11\DHT11.c                0x00000000   Number         0  dht11.o ABSOLUTE
    ..\HARDWARE\DS1302\DS1302.c              0x00000000   Number         0  ds1302.o ABSOLUTE
    ..\HARDWARE\KEY\key.c                    0x00000000   Number         0  key.o ABSOLUTE
    ..\HARDWARE\LCD\LCD1602v1.c              0x00000000   Number         0  lcd1602v1.o ABSOLUTE
    ..\HARDWARE\Matrix\MatrixKey.c           0x00000000   Number         0  matrixkey.o ABSOLUTE
    ..\HARDWARE\OLED\oled.c                  0x00000000   Number         0  oled.o ABSOLUTE
    ..\HARDWARE\OLED_r\OLED_R.c              0x00000000   Number         0  oled_r.o ABSOLUTE
    ..\STM32F10x_FWLib\src\misc.c            0x00000000   Number         0  misc.o ABSOLUTE
    ..\STM32F10x_FWLib\src\stm32f10x_gpio.c  0x00000000   Number         0  stm32f10x_gpio.o ABSOLUTE
    ..\STM32F10x_FWLib\src\stm32f10x_rcc.c   0x00000000   Number         0  stm32f10x_rcc.o ABSOLUTE
    ..\SYSTEM\delay\delay.c                  0x00000000   Number         0  delay.o ABSOLUTE
    ..\SYSTEM\sys\sys.c                      0x00000000   Number         0  sys.o ABSOLUTE
    ..\\CORE\\core_cm3.c                     0x00000000   Number         0  core_cm3.o ABSOLUTE
    ..\\SYSTEM\\sys\\sys.c                   0x00000000   Number         0  sys.o ABSOLUTE
    dc.s                                     0x00000000   Number         0  dc.o ABSOLUTE
    handlers.s                               0x00000000   Number         0  handlers.o ABSOLUTE
    init.s                                   0x00000000   Number         0  init.o ABSOLUTE
    main.c                                   0x00000000   Number         0  main.o ABSOLUTE
    stm32f10x_it.c                           0x00000000   Number         0  stm32f10x_it.o ABSOLUTE
    system_stm32f10x.c                       0x00000000   Number         0  system_stm32f10x.o ABSOLUTE
    RESET                                    0x08000000   Section      304  startup_stm32f10x_hd.o(RESET)
    .ARM.Collect$$$$00000000                 0x08000130   Section        0  entry.o(.ARM.Collect$$$$00000000)
    .ARM.Collect$$$$00000001                 0x08000130   Section        4  entry2.o(.ARM.Collect$$$$00000001)
    .ARM.Collect$$$$00000004                 0x08000134   Section        4  entry5.o(.ARM.Collect$$$$00000004)
    .ARM.Collect$$$$00000008                 0x08000138   Section        0  entry7b.o(.ARM.Collect$$$$00000008)
    .ARM.Collect$$$$0000000A                 0x08000138   Section        0  entry8b.o(.ARM.Collect$$$$0000000A)
    .ARM.Collect$$$$0000000B                 0x08000138   Section        8  entry9a.o(.ARM.Collect$$$$0000000B)
    .ARM.Collect$$$$0000000D                 0x08000140   Section        0  entry10a.o(.ARM.Collect$$$$0000000D)
    .ARM.Collect$$$$0000000F                 0x08000140   Section        0  entry11a.o(.ARM.Collect$$$$0000000F)
    .ARM.Collect$$$$00002712                 0x08000140   Section        4  entry2.o(.ARM.Collect$$$$00002712)
    __lit__00000000                          0x08000140   Data           4  entry2.o(.ARM.Collect$$$$00002712)
    .text                                    0x08000144   Section       36  startup_stm32f10x_hd.o(.text)
    .text                                    0x08000168   Section        0  strchr.o(.text)
    .text                                    0x0800017c   Section       36  init.o(.text)
    .text                                    0x080001a0   Section        0  __dczerorl2.o(.text)
    i.BEEP_GPIO_Init                         0x080001f8   Section        0  beep.o(i.BEEP_GPIO_Init)
    i.BusFault_Handler                       0x08000224   Section        0  stm32f10x_it.o(i.BusFault_Handler)
    i.DHT11_GPIO_Config                      0x08000228   Section        0  dht11.o(i.DHT11_GPIO_Config)
    i.DHT11_Mode_IPU                         0x08000260   Section        0  dht11.o(i.DHT11_Mode_IPU)
    DHT11_Mode_IPU                           0x08000261   Thumb Code    26  dht11.o(i.DHT11_Mode_IPU)
    i.DHT11_Mode_Out_PP                      0x08000280   Section        0  dht11.o(i.DHT11_Mode_Out_PP)
    DHT11_Mode_Out_PP                        0x08000281   Thumb Code    32  dht11.o(i.DHT11_Mode_Out_PP)
    i.DS1302_GPIOInit                        0x080002a4   Section        0  ds1302.o(i.DS1302_GPIOInit)
    i.DS1302_IO_GPIO                         0x080002d0   Section        0  ds1302.o(i.DS1302_IO_GPIO)
    i.DS1302_Read                            0x08000318   Section        0  ds1302.o(i.DS1302_Read)
    i.DS1302_Readtime                        0x080003e8   Section        0  ds1302.o(i.DS1302_Readtime)
    i.DS1302_SetTime                         0x0800042c   Section        0  ds1302.o(i.DS1302_SetTime)
    i.DS1302_Write                           0x08000504   Section        0  ds1302.o(i.DS1302_Write)
    i.DS1302_delay                           0x080005a0   Section        0  ds1302.o(i.DS1302_delay)
    i.DS1302_init                            0x080005b8   Section        0  ds1302.o(i.DS1302_init)
    i.DebugMon_Handler                       0x080005f8   Section        0  stm32f10x_it.o(i.DebugMon_Handler)
    i.GB16_NUM                               0x080005fc   Section        0  oled.o(i.GB16_NUM)
    i.GPIO_Init                              0x08000614   Section        0  stm32f10x_gpio.o(i.GPIO_Init)
    i.GPIO_ReadInputDataBit                  0x0800072a   Section        0  stm32f10x_gpio.o(i.GPIO_ReadInputDataBit)
    i.GPIO_ResetBits                         0x0800073c   Section        0  stm32f10x_gpio.o(i.GPIO_ResetBits)
    i.GPIO_SetBits                           0x08000740   Section        0  stm32f10x_gpio.o(i.GPIO_SetBits)
    i.GPIO_WriteBit                          0x08000744   Section        0  stm32f10x_gpio.o(i.GPIO_WriteBit)
    i.HardFault_Handler                      0x0800074e   Section        0  stm32f10x_it.o(i.HardFault_Handler)
    i.IIC_Delay                              0x08000752   Section        0  oled.o(i.IIC_Delay)
    IIC_Delay                                0x08000753   Thumb Code    14  oled.o(i.IIC_Delay)
    i.IIC_GPIO_Config                        0x08000760   Section        0  oled.o(i.IIC_GPIO_Config)
    i.IIC_Start                              0x0800079c   Section        0  oled.o(i.IIC_Start)
    i.IIC_Stop                               0x080007d0   Section        0  oled.o(i.IIC_Stop)
    i.IIC_WaitAck                            0x080007f4   Section        0  oled.o(i.IIC_WaitAck)
    i.MatrixKey_GetValue                     0x08000838   Section        0  matrixkey.o(i.MatrixKey_GetValue)
    i.MatrixKey_Init                         0x080008f4   Section        0  matrixkey.o(i.MatrixKey_Init)
    i.MatrixKey_determine                    0x08000938   Section        0  matrixkey.o(i.MatrixKey_determine)
    i.MemManage_Handler                      0x080009b4   Section        0  stm32f10x_it.o(i.MemManage_Handler)
    i.NMI_Handler                            0x080009b8   Section        0  stm32f10x_it.o(i.NMI_Handler)
    i.OLED_Clear                             0x080009ba   Section        0  oled.o(i.OLED_Clear)
    i.OLED_ClearChar                         0x080009c4   Section        0  oled.o(i.OLED_ClearChar)
    i.OLED_ClearChar24                       0x08000a04   Section        0  oled.o(i.OLED_ClearChar24)
    i.OLED_Clear_r                           0x08000a60   Section        0  oled_r.o(i.OLED_Clear_r)
    i.OLED_Fill                              0x08000a8a   Section        0  oled.o(i.OLED_Fill)
    i.OLED_I2C_Init                          0x08000ac4   Section        0  oled_r.o(i.OLED_I2C_Init)
    i.OLED_I2C_SendByte                      0x08000b10   Section        0  oled_r.o(i.OLED_I2C_SendByte)
    i.OLED_I2C_Start                         0x08000b60   Section        0  oled_r.o(i.OLED_I2C_Start)
    i.OLED_I2C_Stop                          0x08000b90   Section        0  oled_r.o(i.OLED_I2C_Stop)
    i.OLED_Init                              0x08000bb8   Section        0  oled.o(i.OLED_Init)
    i.OLED_Init_r                            0x08000c70   Section        0  oled_r.o(i.OLED_Init_r)
    i.OLED_Pow                               0x08000d1e   Section        0  oled_r.o(i.OLED_Pow)
    i.OLED_SetCursor                         0x08000d32   Section        0  oled_r.o(i.OLED_SetCursor)
    i.OLED_Set_Pos                           0x08000d54   Section        0  oled.o(i.OLED_Set_Pos)
    i.OLED_ShowCH                            0x08000d84   Section        0  oled.o(i.OLED_ShowCH)
    i.OLED_ShowChar                          0x08000eb4   Section        0  oled.o(i.OLED_ShowChar)
    i.OLED_ShowChar24                        0x08000f20   Section        0  oled.o(i.OLED_ShowChar24)
    i.OLED_ShowChar_r                        0x08000fbc   Section        0  oled_r.o(i.OLED_ShowChar_r)
    i.OLED_ShowNum                           0x08001030   Section        0  oled.o(i.OLED_ShowNum)
    i.OLED_ShowNum_r                         0x080010c0   Section        0  oled_r.o(i.OLED_ShowNum_r)
    i.OLED_ShowString                        0x08001104   Section        0  oled_r.o(i.OLED_ShowString)
    i.OLED_WriteCommand                      0x0800112c   Section        0  oled_r.o(i.OLED_WriteCommand)
    i.OLED_WriteData                         0x0800114c   Section        0  oled_r.o(i.OLED_WriteData)
    i.PendSV_Handler                         0x0800116c   Section        0  stm32f10x_it.o(i.PendSV_Handler)
    i.RCC_APB2PeriphClockCmd                 0x08001170   Section        0  stm32f10x_rcc.o(i.RCC_APB2PeriphClockCmd)
    i.Read_Byte                              0x08001190   Section        0  dht11.o(i.Read_Byte)
    Read_Byte                                0x08001191   Thumb Code    96  dht11.o(i.Read_Byte)
    i.Read_DHT11                             0x080011f4   Section        0  dht11.o(i.Read_DHT11)
    i.SVC_Handler                            0x080012a0   Section        0  stm32f10x_it.o(i.SVC_Handler)
    i.SetSysClock                            0x080012a2   Section        0  system_stm32f10x.o(i.SetSysClock)
    SetSysClock                              0x080012a3   Thumb Code     8  system_stm32f10x.o(i.SetSysClock)
    i.SetSysClockTo72                        0x080012ac   Section        0  system_stm32f10x.o(i.SetSysClockTo72)
    SetSysClockTo72                          0x080012ad   Thumb Code   214  system_stm32f10x.o(i.SetSysClockTo72)
    i.SysTick_CLKSourceConfig                0x0800138c   Section        0  misc.o(i.SysTick_CLKSourceConfig)
    i.SysTick_Handler                        0x080013b4   Section        0  stm32f10x_it.o(i.SysTick_Handler)
    i.SystemInit                             0x080013b8   Section        0  system_stm32f10x.o(i.SystemInit)
    i.UsageFault_Handler                     0x08001418   Section        0  stm32f10x_it.o(i.UsageFault_Handler)
    i.Write_IIC_Byte                         0x0800141c   Section        0  oled.o(i.Write_IIC_Byte)
    i.Write_IIC_Command                      0x08001474   Section        0  oled.o(i.Write_IIC_Command)
    i.Write_IIC_Data                         0x080014a0   Section        0  oled.o(i.Write_IIC_Data)
    i.__scatterload_copy                     0x080014cc   Section       14  handlers.o(i.__scatterload_copy)
    i.__scatterload_null                     0x080014da   Section        2  handlers.o(i.__scatterload_null)
    i.__scatterload_zeroinit                 0x080014dc   Section       14  handlers.o(i.__scatterload_zeroinit)
    i.delay_init                             0x080014ec   Section        0  delay.o(i.delay_init)
    i.delay_ms                               0x08001530   Section        0  delay.o(i.delay_ms)
    i.delay_us                               0x0800157c   Section        0  delay.o(i.delay_us)
    i.display                                0x080015c8   Section        0  main.o(i.display)
    i.display_day                            0x08001620   Section        0  main.o(i.display_day)
    i.display_hour                           0x08001660   Section        0  main.o(i.display_hour)
    i.display_min                            0x080016a0   Section        0  main.o(i.display_min)
    i.display_month                          0x080016e0   Section        0  main.o(i.display_month)
    i.display_sec                            0x08001720   Section        0  main.o(i.display_sec)
    i.display_year                           0x08001760   Section        0  main.o(i.display_year)
    i.main                                   0x080017a0   Section        0  main.o(i.main)
    i.oled_pow                               0x08001ea8   Section        0  oled.o(i.oled_pow)
    i.show_bell                              0x08001ec0   Section        0  oled.o(i.show_bell)
    i.show_time                              0x08001f5c   Section        0  main.o(i.show_time)
    i.show_time1                             0x08002096   Section        0  main.o(i.show_time1)
    .constdata                               0x08002140   Section     1520  oled_r.o(.constdata)
    .data                                    0x20000000   Section       25  main.o(.data)
    .data                                    0x2000001a   Section        4  delay.o(.data)
    fac_us                                   0x2000001a   Data           1  delay.o(.data)
    fac_ms                                   0x2000001c   Data           2  delay.o(.data)
    .data                                    0x20000020   Section       20  system_stm32f10x.o(.data)
    .data                                    0x20000034   Section      708  oled.o(.data)
    STACK                                    0x200002f8   Section     1024  startup_stm32f10x_hd.o(STACK)

    Global Symbols

    Symbol Name                              Value     Ov Type        Size  Object(Section)

    BuildAttributes$$THM_ISAv4$P$D$K$B$S$PE$A:L22UL41UL21$X:L11$S22US41US21$IEEE1$IW$USESV6$~STKCKD$USESV7$~SHL$OSPACE$EBA8$MICROLIB$REQ8$PRES8$EABIv2 0x00000000   Number         0  anon$$obj.o ABSOLUTE
    __ARM_use_no_argv                        0x00000000   Number         0  main.o ABSOLUTE
    __cpp_initialize__aeabi_                  - Undefined Weak Reference
    __cxa_finalize                            - Undefined Weak Reference
    _clock_init                               - Undefined Weak Reference
    _microlib_exit                            - Undefined Weak Reference
    __Vectors_Size                           0x00000130   Number         0  startup_stm32f10x_hd.o ABSOLUTE
    __Vectors                                0x08000000   Data           4  startup_stm32f10x_hd.o(RESET)
    __Vectors_End                            0x08000130   Data           0  startup_stm32f10x_hd.o(RESET)
    __main                                   0x08000131   Thumb Code     0  entry.o(.ARM.Collect$$$$00000000)
    _main_stk                                0x08000131   Thumb Code     0  entry2.o(.ARM.Collect$$$$00000001)
    _main_scatterload                        0x08000135   Thumb Code     0  entry5.o(.ARM.Collect$$$$00000004)
    __main_after_scatterload                 0x08000139   Thumb Code     0  entry5.o(.ARM.Collect$$$$00000004)
    _main_clock                              0x08000139   Thumb Code     0  entry7b.o(.ARM.Collect$$$$00000008)
    _main_cpp_init                           0x08000139   Thumb Code     0  entry8b.o(.ARM.Collect$$$$0000000A)
    _main_init                               0x08000139   Thumb Code     0  entry9a.o(.ARM.Collect$$$$0000000B)
    __rt_final_cpp                           0x08000141   Thumb Code     0  entry10a.o(.ARM.Collect$$$$0000000D)
    __rt_final_exit                          0x08000141   Thumb Code     0  entry11a.o(.ARM.Collect$$$$0000000F)
    Reset_Handler                            0x08000145   Thumb Code     8  startup_stm32f10x_hd.o(.text)
    ADC1_2_IRQHandler                        0x0800015f   Thumb Code     0  startup_stm32f10x_hd.o(.text)
    ADC3_IRQHandler                          0x0800015f   Thumb Code     0  startup_stm32f10x_hd.o(.text)
    CAN1_RX1_IRQHandler                      0x0800015f   Thumb Code     0  startup_stm32f10x_hd.o(.text)
    CAN1_SCE_IRQHandler                      0x0800015f   Thumb Code     0  startup_stm32f10x_hd.o(.text)
    DMA1_Channel1_IRQHandler                 0x0800015f   Thumb Code     0  startup_stm32f10x_hd.o(.text)
    DMA1_Channel2_IRQHandler                 0x0800015f   Thumb Code     0  startup_stm32f10x_hd.o(.text)
    DMA1_Channel3_IRQHandler                 0x0800015f   Thumb Code     0  startup_stm32f10x_hd.o(.text)
    DMA1_Channel4_IRQHandler                 0x0800015f   Thumb Code     0  startup_stm32f10x_hd.o(.text)
    DMA1_Channel5_IRQHandler                 0x0800015f   Thumb Code     0  startup_stm32f10x_hd.o(.text)
    DMA1_Channel6_IRQHandler                 0x0800015f   Thumb Code     0  startup_stm32f10x_hd.o(.text)
    DMA1_Channel7_IRQHandler                 0x0800015f   Thumb Code     0  startup_stm32f10x_hd.o(.text)
    DMA2_Channel1_IRQHandler                 0x0800015f   Thumb Code     0  startup_stm32f10x_hd.o(.text)
    DMA2_Channel2_IRQHandler                 0x0800015f   Thumb Code     0  startup_stm32f10x_hd.o(.text)
    DMA2_Channel3_IRQHandler                 0x0800015f   Thumb Code     0  startup_stm32f10x_hd.o(.text)
    DMA2_Channel4_5_IRQHandler               0x0800015f   Thumb Code     0  startup_stm32f10x_hd.o(.text)
    EXTI0_IRQHandler                         0x0800015f   Thumb Code     0  startup_stm32f10x_hd.o(.text)
    EXTI15_10_IRQHandler                     0x0800015f   Thumb Code     0  startup_stm32f10x_hd.o(.text)
    EXTI1_IRQHandler                         0x0800015f   Thumb Code     0  startup_stm32f10x_hd.o(.text)
    EXTI2_IRQHandler                         0x0800015f   Thumb Code     0  startup_stm32f10x_hd.o(.text)
    EXTI3_IRQHandler                         0x0800015f   Thumb Code     0  startup_stm32f10x_hd.o(.text)
    EXTI4_IRQHandler                         0x0800015f   Thumb Code     0  startup_stm32f10x_hd.o(.text)
    EXTI9_5_IRQHandler                       0x0800015f   Thumb Code     0  startup_stm32f10x_hd.o(.text)
    FLASH_IRQHandler                         0x0800015f   Thumb Code     0  startup_stm32f10x_hd.o(.text)
    FSMC_IRQHandler                          0x0800015f   Thumb Code     0  startup_stm32f10x_hd.o(.text)
    I2C1_ER_IRQHandler                       0x0800015f   Thumb Code     0  startup_stm32f10x_hd.o(.text)
    I2C1_EV_IRQHandler                       0x0800015f   Thumb Code     0  startup_stm32f10x_hd.o(.text)
    I2C2_ER_IRQHandler                       0x0800015f   Thumb Code     0  startup_stm32f10x_hd.o(.text)
    I2C2_EV_IRQHandler                       0x0800015f   Thumb Code     0  startup_stm32f10x_hd.o(.text)
    PVD_IRQHandler                           0x0800015f   Thumb Code     0  startup_stm32f10x_hd.o(.text)
    RCC_IRQHandler                           0x0800015f   Thumb Code     0  startup_stm32f10x_hd.o(.text)
    RTCAlarm_IRQHandler                      0x0800015f   Thumb Code     0  startup_stm32f10x_hd.o(.text)
    RTC_IRQHandler                           0x0800015f   Thumb Code     0  startup_stm32f10x_hd.o(.text)
    SDIO_IRQHandler                          0x0800015f   Thumb Code     0  startup_stm32f10x_hd.o(.text)
    SPI1_IRQHandler                          0x0800015f   Thumb Code     0  startup_stm32f10x_hd.o(.text)
    SPI2_IRQHandler                          0x0800015f   Thumb Code     0  startup_stm32f10x_hd.o(.text)
    SPI3_IRQHandler                          0x0800015f   Thumb Code     0  startup_stm32f10x_hd.o(.text)
    TAMPER_IRQHandler                        0x0800015f   Thumb Code     0  startup_stm32f10x_hd.o(.text)
    TIM1_BRK_IRQHandler                      0x0800015f   Thumb Code     0  startup_stm32f10x_hd.o(.text)
    TIM1_CC_IRQHandler                       0x0800015f   Thumb Code     0  startup_stm32f10x_hd.o(.text)
    TIM1_TRG_COM_IRQHandler                  0x0800015f   Thumb Code     0  startup_stm32f10x_hd.o(.text)
    TIM1_UP_IRQHandler                       0x0800015f   Thumb Code     0  startup_stm32f10x_hd.o(.text)
    TIM2_IRQHandler                          0x0800015f   Thumb Code     0  startup_stm32f10x_hd.o(.text)
    TIM3_IRQHandler                          0x0800015f   Thumb Code     0  startup_stm32f10x_hd.o(.text)
    TIM4_IRQHandler                          0x0800015f   Thumb Code     0  startup_stm32f10x_hd.o(.text)
    TIM5_IRQHandler                          0x0800015f   Thumb Code     0  startup_stm32f10x_hd.o(.text)
    TIM6_IRQHandler                          0x0800015f   Thumb Code     0  startup_stm32f10x_hd.o(.text)
    TIM7_IRQHandler                          0x0800015f   Thumb Code     0  startup_stm32f10x_hd.o(.text)
    TIM8_BRK_IRQHandler                      0x0800015f   Thumb Code     0  startup_stm32f10x_hd.o(.text)
    TIM8_CC_IRQHandler                       0x0800015f   Thumb Code     0  startup_stm32f10x_hd.o(.text)
    TIM8_TRG_COM_IRQHandler                  0x0800015f   Thumb Code     0  startup_stm32f10x_hd.o(.text)
    TIM8_UP_IRQHandler                       0x0800015f   Thumb Code     0  startup_stm32f10x_hd.o(.text)
    UART4_IRQHandler                         0x0800015f   Thumb Code     0  startup_stm32f10x_hd.o(.text)
    UART5_IRQHandler                         0x0800015f   Thumb Code     0  startup_stm32f10x_hd.o(.text)
    USART1_IRQHandler                        0x0800015f   Thumb Code     0  startup_stm32f10x_hd.o(.text)
    USART2_IRQHandler                        0x0800015f   Thumb Code     0  startup_stm32f10x_hd.o(.text)
    USART3_IRQHandler                        0x0800015f   Thumb Code     0  startup_stm32f10x_hd.o(.text)
    USBWakeUp_IRQHandler                     0x0800015f   Thumb Code     0  startup_stm32f10x_hd.o(.text)
    USB_HP_CAN1_TX_IRQHandler                0x0800015f   Thumb Code     0  startup_stm32f10x_hd.o(.text)
    USB_LP_CAN1_RX0_IRQHandler               0x0800015f   Thumb Code     0  startup_stm32f10x_hd.o(.text)
    WWDG_IRQHandler                          0x0800015f   Thumb Code     0  startup_stm32f10x_hd.o(.text)
    strchr                                   0x08000169   Thumb Code    20  strchr.o(.text)
    __scatterload                            0x0800017d   Thumb Code    28  init.o(.text)
    __scatterload_rt2                        0x0800017d   Thumb Code     0  init.o(.text)
    __decompress                             0x080001a1   Thumb Code     0  __dczerorl2.o(.text)
    __decompress1                            0x080001a1   Thumb Code    86  __dczerorl2.o(.text)
    BEEP_GPIO_Init                           0x080001f9   Thumb Code    40  beep.o(i.BEEP_GPIO_Init)
    BusFault_Handler                         0x08000225   Thumb Code     4  stm32f10x_it.o(i.BusFault_Handler)
    DHT11_GPIO_Config                        0x08000229   Thumb Code    50  dht11.o(i.DHT11_GPIO_Config)
    DS1302_GPIOInit                          0x080002a5   Thumb Code    40  ds1302.o(i.DS1302_GPIOInit)
    DS1302_IO_GPIO                           0x080002d1   Thumb Code    66  ds1302.o(i.DS1302_IO_GPIO)
    DS1302_Read                              0x08000319   Thumb Code   204  ds1302.o(i.DS1302_Read)
    DS1302_Readtime                          0x080003e9   Thumb Code    64  ds1302.o(i.DS1302_Readtime)
    DS1302_SetTime                           0x0800042d   Thumb Code   214  ds1302.o(i.DS1302_SetTime)
    DS1302_Write                             0x08000505   Thumb Code   150  ds1302.o(i.DS1302_Write)
    DS1302_delay                             0x080005a1   Thumb Code    24  ds1302.o(i.DS1302_delay)
    DS1302_init                              0x080005b9   Thumb Code    60  ds1302.o(i.DS1302_init)
    DebugMon_Handler                         0x080005f9   Thumb Code     2  stm32f10x_it.o(i.DebugMon_Handler)
    GB16_NUM                                 0x080005fd   Thumb Code    18  oled.o(i.GB16_NUM)
    GPIO_Init                                0x08000615   Thumb Code   278  stm32f10x_gpio.o(i.GPIO_Init)
    GPIO_ReadInputDataBit                    0x0800072b   Thumb Code    18  stm32f10x_gpio.o(i.GPIO_ReadInputDataBit)
    GPIO_ResetBits                           0x0800073d   Thumb Code     4  stm32f10x_gpio.o(i.GPIO_ResetBits)
    GPIO_SetBits                             0x08000741   Thumb Code     4  stm32f10x_gpio.o(i.GPIO_SetBits)
    GPIO_WriteBit                            0x08000745   Thumb Code    10  stm32f10x_gpio.o(i.GPIO_WriteBit)
    HardFault_Handler                        0x0800074f   Thumb Code     4  stm32f10x_it.o(i.HardFault_Handler)
    IIC_GPIO_Config                          0x08000761   Thumb Code    56  oled.o(i.IIC_GPIO_Config)
    IIC_Start                                0x0800079d   Thumb Code    42  oled.o(i.IIC_Start)
    IIC_Stop                                 0x080007d1   Thumb Code    28  oled.o(i.IIC_Stop)
    IIC_WaitAck                              0x080007f5   Thumb Code    56  oled.o(i.IIC_WaitAck)
    MatrixKey_GetValue                       0x08000839   Thumb Code   182  matrixkey.o(i.MatrixKey_GetValue)
    MatrixKey_Init                           0x080008f5   Thumb Code    64  matrixkey.o(i.MatrixKey_Init)
    MatrixKey_determine                      0x08000939   Thumb Code   120  matrixkey.o(i.MatrixKey_determine)
    MemManage_Handler                        0x080009b5   Thumb Code     4  stm32f10x_it.o(i.MemManage_Handler)
    NMI_Handler                              0x080009b9   Thumb Code     2  stm32f10x_it.o(i.NMI_Handler)
    OLED_Clear                               0x080009bb   Thumb Code    10  oled.o(i.OLED_Clear)
    OLED_ClearChar                           0x080009c5   Thumb Code    64  oled.o(i.OLED_ClearChar)
    OLED_ClearChar24                         0x08000a05   Thumb Code    92  oled.o(i.OLED_ClearChar24)
    OLED_Clear_r                             0x08000a61   Thumb Code    42  oled_r.o(i.OLED_Clear_r)
    OLED_Fill                                0x08000a8b   Thumb Code    58  oled.o(i.OLED_Fill)
    OLED_I2C_Init                            0x08000ac5   Thumb Code    72  oled_r.o(i.OLED_I2C_Init)
    OLED_I2C_SendByte                        0x08000b11   Thumb Code    74  oled_r.o(i.OLED_I2C_SendByte)
    OLED_I2C_Start                           0x08000b61   Thumb Code    44  oled_r.o(i.OLED_I2C_Start)
    OLED_I2C_Stop                            0x08000b91   Thumb Code    34  oled_r.o(i.OLED_I2C_Stop)
    OLED_Init                                0x08000bb9   Thumb Code   178  oled.o(i.OLED_Init)
    OLED_Init_r                              0x08000c71   Thumb Code   174  oled_r.o(i.OLED_Init_r)
    OLED_Pow                                 0x08000d1f   Thumb Code    20  oled_r.o(i.OLED_Pow)
    OLED_SetCursor                           0x08000d33   Thumb Code    34  oled_r.o(i.OLED_SetCursor)
    OLED_Set_Pos                             0x08000d55   Thumb Code    46  oled.o(i.OLED_Set_Pos)
    OLED_ShowCH                              0x08000d85   Thumb Code   284  oled.o(i.OLED_ShowCH)
    OLED_ShowChar                            0x08000eb5   Thumb Code   102  oled.o(i.OLED_ShowChar)
    OLED_ShowChar24                          0x08000f21   Thumb Code   150  oled.o(i.OLED_ShowChar24)
    OLED_ShowChar_r                          0x08000fbd   Thumb Code   110  oled_r.o(i.OLED_ShowChar_r)
    OLED_ShowNum                             0x08001031   Thumb Code   144  oled.o(i.OLED_ShowNum)
    OLED_ShowNum_r                           0x080010c1   Thumb Code    68  oled_r.o(i.OLED_ShowNum_r)
    OLED_ShowString                          0x08001105   Thumb Code    40  oled_r.o(i.OLED_ShowString)
    OLED_WriteCommand                        0x0800112d   Thumb Code    32  oled_r.o(i.OLED_WriteCommand)
    OLED_WriteData                           0x0800114d   Thumb Code    32  oled_r.o(i.OLED_WriteData)
    PendSV_Handler                           0x0800116d   Thumb Code     2  stm32f10x_it.o(i.PendSV_Handler)
    RCC_APB2PeriphClockCmd                   0x08001171   Thumb Code    26  stm32f10x_rcc.o(i.RCC_APB2PeriphClockCmd)
    Read_DHT11                               0x080011f5   Thumb Code   166  dht11.o(i.Read_DHT11)
    SVC_Handler                              0x080012a1   Thumb Code     2  stm32f10x_it.o(i.SVC_Handler)
    SysTick_CLKSourceConfig                  0x0800138d   Thumb Code    40  misc.o(i.SysTick_CLKSourceConfig)
    SysTick_Handler                          0x080013b5   Thumb Code     2  stm32f10x_it.o(i.SysTick_Handler)
    SystemInit                               0x080013b9   Thumb Code    78  system_stm32f10x.o(i.SystemInit)
    UsageFault_Handler                       0x08001419   Thumb Code     4  stm32f10x_it.o(i.UsageFault_Handler)
    Write_IIC_Byte                           0x0800141d   Thumb Code    80  oled.o(i.Write_IIC_Byte)
    Write_IIC_Command                        0x08001475   Thumb Code    44  oled.o(i.Write_IIC_Command)
    Write_IIC_Data                           0x080014a1   Thumb Code    44  oled.o(i.Write_IIC_Data)
    __scatterload_copy                       0x080014cd   Thumb Code    14  handlers.o(i.__scatterload_copy)
    __scatterload_null                       0x080014db   Thumb Code     2  handlers.o(i.__scatterload_null)
    __scatterload_zeroinit                   0x080014dd   Thumb Code    14  handlers.o(i.__scatterload_zeroinit)
    delay_init                               0x080014ed   Thumb Code    50  delay.o(i.delay_init)
    delay_ms                                 0x08001531   Thumb Code    72  delay.o(i.delay_ms)
    delay_us                                 0x0800157d   Thumb Code    72  delay.o(i.delay_us)
    display                                  0x080015c9   Thumb Code    88  main.o(i.display)
    display_day                              0x08001621   Thumb Code    64  main.o(i.display_day)
    display_hour                             0x08001661   Thumb Code    64  main.o(i.display_hour)
    display_min                              0x080016a1   Thumb Code    64  main.o(i.display_min)
    display_month                            0x080016e1   Thumb Code    64  main.o(i.display_month)
    display_sec                              0x08001721   Thumb Code    64  main.o(i.display_sec)
    display_year                             0x08001761   Thumb Code    64  main.o(i.display_year)
    main                                     0x080017a1   Thumb Code  1742  main.o(i.main)
    oled_pow                                 0x08001ea9   Thumb Code    22  oled.o(i.oled_pow)
    show_bell                                0x08001ec1   Thumb Code   150  oled.o(i.show_bell)
    show_time                                0x08001f5d   Thumb Code   314  main.o(i.show_time)
    show_time1                               0x08002097   Thumb Code   170  main.o(i.show_time1)
    OLED_F8x16                               0x08002140   Data        1520  oled_r.o(.constdata)
    Region$$Table$$Base                      0x08002730   Number         0  anon$$obj.o(Region$$Table)
    Region$$Table$$Limit                     0x08002750   Number         0  anon$$obj.o(Region$$Table)
    DHT11_Data                               0x20000000   Data           5  main.o(.data)
    time_data                                0x20000005   Data           6  main.o(.data)
    bell_data                                0x2000000b   Data           3  main.o(.data)
    jishi_data                               0x2000000e   Data           3  main.o(.data)
    daojishi_data                            0x20000011   Data           3  main.o(.data)
    reverse_bell_data                        0x20000014   Data           3  main.o(.data)
    bell_flag                                0x20000017   Data           1  main.o(.data)
    bell_onoff                               0x20000018   Data           1  main.o(.data)
    SystemCoreClock                          0x20000020   Data           4  system_stm32f10x.o(.data)
    AHBPrescTable                            0x20000024   Data          16  system_stm32f10x.o(.data)
    zf                                       0x20000034   Data         192  oled.o(.data)
    zf24                                     0x200000f4   Data         396  oled.o(.data)
    hz                                       0x20000280   Data          96  oled.o(.data)
    hz_index                                 0x200002e0   Data           7  oled.o(.data)
    zf_index                                 0x200002e7   Data          12  oled.o(.data)
    HZ                                       0x200002f4   Data           4  oled.o(.data)
    __initial_sp                             0x200006f8   Data           0  startup_stm32f10x_hd.o(STACK)



==============================================================================

Memory Map of the image

  Image Entry point : 0x08000145

  Load Region LR_1 (Base: 0x08000000, Size: 0x00002a48, Max: 0xffffffff, ABSOLUTE, COMPRESSED[0x00002918])

    Execution Region ER_RO (Exec base: 0x08000000, Load base: 0x08000000, Size: 0x00002750, Max: 0xffffffff, ABSOLUTE)

    Exec Addr    Load Addr    Size         Type   Attr      Idx    E Section Name        Object

    0x08000000   0x08000000   0x00000130   Data   RO          383    RESET               startup_stm32f10x_hd.o
    0x08000130   0x08000130   0x00000000   Code   RO         1236  * .ARM.Collect$$$$00000000  mc_w.l(entry.o)
    0x08000130   0x08000130   0x00000004   Code   RO         1241    .ARM.Collect$$$$00000001  mc_w.l(entry2.o)
    0x08000134   0x08000134   0x00000004   Code   RO         1244    .ARM.Collect$$$$00000004  mc_w.l(entry5.o)
    0x08000138   0x08000138   0x00000000   Code   RO         1246    .ARM.Collect$$$$00000008  mc_w.l(entry7b.o)
    0x08000138   0x08000138   0x00000000   Code   RO         1248    .ARM.Collect$$$$0000000A  mc_w.l(entry8b.o)
    0x08000138   0x08000138   0x00000008   Code   RO         1249    .ARM.Collect$$$$0000000B  mc_w.l(entry9a.o)
    0x08000140   0x08000140   0x00000000   Code   RO         1251    .ARM.Collect$$$$0000000D  mc_w.l(entry10a.o)
    0x08000140   0x08000140   0x00000000   Code   RO         1253    .ARM.Collect$$$$0000000F  mc_w.l(entry11a.o)
    0x08000140   0x08000140   0x00000004   Code   RO         1242    .ARM.Collect$$$$00002712  mc_w.l(entry2.o)
    0x08000144   0x08000144   0x00000024   Code   RO          384  * .text               startup_stm32f10x_hd.o
    0x08000168   0x08000168   0x00000014   Code   RO         1239    .text               mc_w.l(strchr.o)
    0x0800017c   0x0800017c   0x00000024   Code   RO         1255    .text               mc_w.l(init.o)
    0x080001a0   0x080001a0   0x00000056   Code   RO         1265    .text               mc_w.l(__dczerorl2.o)
    0x080001f6   0x080001f6   0x00000002   PAD
    0x080001f8   0x080001f8   0x0000002c   Code   RO          738    i.BEEP_GPIO_Init    beep.o
    0x08000224   0x08000224   0x00000004   Code   RO          219    i.BusFault_Handler  stm32f10x_it.o
    0x08000228   0x08000228   0x00000038   Code   RO         1092    i.DHT11_GPIO_Config  dht11.o
    0x08000260   0x08000260   0x00000020   Code   RO         1093    i.DHT11_Mode_IPU    dht11.o
    0x08000280   0x08000280   0x00000024   Code   RO         1094    i.DHT11_Mode_Out_PP  dht11.o
    0x080002a4   0x080002a4   0x0000002c   Code   RO          911    i.DS1302_GPIOInit   ds1302.o
    0x080002d0   0x080002d0   0x00000048   Code   RO          912    i.DS1302_IO_GPIO    ds1302.o
    0x08000318   0x08000318   0x000000d0   Code   RO          915    i.DS1302_Read       ds1302.o
    0x080003e8   0x080003e8   0x00000044   Code   RO          916    i.DS1302_Readtime   ds1302.o
    0x0800042c   0x0800042c   0x000000d6   Code   RO          917    i.DS1302_SetTime    ds1302.o
    0x08000502   0x08000502   0x00000002   PAD
    0x08000504   0x08000504   0x0000009c   Code   RO          918    i.DS1302_Write      ds1302.o
    0x080005a0   0x080005a0   0x00000018   Code   RO          919    i.DS1302_delay      ds1302.o
    0x080005b8   0x080005b8   0x00000040   Code   RO          920    i.DS1302_init       ds1302.o
    0x080005f8   0x080005f8   0x00000002   Code   RO          220    i.DebugMon_Handler  stm32f10x_it.o
    0x080005fa   0x080005fa   0x00000002   PAD
    0x080005fc   0x080005fc   0x00000018   Code   RO          750    i.GB16_NUM          oled.o
    0x08000614   0x08000614   0x00000116   Code   RO          394    i.GPIO_Init         stm32f10x_gpio.o
    0x0800072a   0x0800072a   0x00000012   Code   RO          398    i.GPIO_ReadInputDataBit  stm32f10x_gpio.o
    0x0800073c   0x0800073c   0x00000004   Code   RO          401    i.GPIO_ResetBits    stm32f10x_gpio.o
    0x08000740   0x08000740   0x00000004   Code   RO          402    i.GPIO_SetBits      stm32f10x_gpio.o
    0x08000744   0x08000744   0x0000000a   Code   RO          405    i.GPIO_WriteBit     stm32f10x_gpio.o
    0x0800074e   0x0800074e   0x00000004   Code   RO          221    i.HardFault_Handler  stm32f10x_it.o
    0x08000752   0x08000752   0x0000000e   Code   RO          751    i.IIC_Delay         oled.o
    0x08000760   0x08000760   0x0000003c   Code   RO          752    i.IIC_GPIO_Config   oled.o
    0x0800079c   0x0800079c   0x00000034   Code   RO          753    i.IIC_Start         oled.o
    0x080007d0   0x080007d0   0x00000024   Code   RO          754    i.IIC_Stop          oled.o
    0x080007f4   0x080007f4   0x00000044   Code   RO          755    i.IIC_WaitAck       oled.o
    0x08000838   0x08000838   0x000000bc   Code   RO         1047    i.MatrixKey_GetValue  matrixkey.o
    0x080008f4   0x080008f4   0x00000044   Code   RO         1048    i.MatrixKey_Init    matrixkey.o
    0x08000938   0x08000938   0x0000007c   Code   RO         1049    i.MatrixKey_determine  matrixkey.o
    0x080009b4   0x080009b4   0x00000004   Code   RO          222    i.MemManage_Handler  stm32f10x_it.o
    0x080009b8   0x080009b8   0x00000002   Code   RO          223    i.NMI_Handler       stm32f10x_it.o
    0x080009ba   0x080009ba   0x0000000a   Code   RO          756    i.OLED_Clear        oled.o
    0x080009c4   0x080009c4   0x00000040   Code   RO          757    i.OLED_ClearChar    oled.o
    0x08000a04   0x08000a04   0x0000005c   Code   RO          758    i.OLED_ClearChar24  oled.o
    0x08000a60   0x08000a60   0x0000002a   Code   RO         1128    i.OLED_Clear_r      oled_r.o
    0x08000a8a   0x08000a8a   0x0000003a   Code   RO          760    i.OLED_Fill         oled.o
    0x08000ac4   0x08000ac4   0x0000004c   Code   RO         1129    i.OLED_I2C_Init     oled_r.o
    0x08000b10   0x08000b10   0x00000050   Code   RO         1130    i.OLED_I2C_SendByte  oled_r.o
    0x08000b60   0x08000b60   0x00000030   Code   RO         1131    i.OLED_I2C_Start    oled_r.o
    0x08000b90   0x08000b90   0x00000028   Code   RO         1132    i.OLED_I2C_Stop     oled_r.o
    0x08000bb8   0x08000bb8   0x000000b8   Code   RO          761    i.OLED_Init         oled.o
    0x08000c70   0x08000c70   0x000000ae   Code   RO         1133    i.OLED_Init_r       oled_r.o
    0x08000d1e   0x08000d1e   0x00000014   Code   RO         1134    i.OLED_Pow          oled_r.o
    0x08000d32   0x08000d32   0x00000022   Code   RO         1135    i.OLED_SetCursor    oled_r.o
    0x08000d54   0x08000d54   0x0000002e   Code   RO          764    i.OLED_Set_Pos      oled.o
    0x08000d82   0x08000d82   0x00000002   PAD
    0x08000d84   0x08000d84   0x00000130   Code   RO          765    i.OLED_ShowCH       oled.o
    0x08000eb4   0x08000eb4   0x0000006c   Code   RO          766    i.OLED_ShowChar     oled.o
    0x08000f20   0x08000f20   0x0000009c   Code   RO          767    i.OLED_ShowChar24   oled.o
    0x08000fbc   0x08000fbc   0x00000074   Code   RO         1137    i.OLED_ShowChar_r   oled_r.o
    0x08001030   0x08001030   0x00000090   Code   RO          768    i.OLED_ShowNum      oled.o
    0x080010c0   0x080010c0   0x00000044   Code   RO         1139    i.OLED_ShowNum_r    oled_r.o
    0x08001104   0x08001104   0x00000028   Code   RO         1141    i.OLED_ShowString   oled_r.o
    0x0800112c   0x0800112c   0x00000020   Code   RO         1142    i.OLED_WriteCommand  oled_r.o
    0x0800114c   0x0800114c   0x00000020   Code   RO         1143    i.OLED_WriteData    oled_r.o
    0x0800116c   0x0800116c   0x00000002   Code   RO          224    i.PendSV_Handler    stm32f10x_it.o
    0x0800116e   0x0800116e   0x00000002   PAD
    0x08001170   0x08001170   0x00000020   Code   RO          542    i.RCC_APB2PeriphClockCmd  stm32f10x_rcc.o
    0x08001190   0x08001190   0x00000064   Code   RO         1095    i.Read_Byte         dht11.o
    0x080011f4   0x080011f4   0x000000ac   Code   RO         1096    i.Read_DHT11        dht11.o
    0x080012a0   0x080012a0   0x00000002   Code   RO          225    i.SVC_Handler       stm32f10x_it.o
    0x080012a2   0x080012a2   0x00000008   Code   RO          308    i.SetSysClock       system_stm32f10x.o
    0x080012aa   0x080012aa   0x00000002   PAD
    0x080012ac   0x080012ac   0x000000e0   Code   RO          309    i.SetSysClockTo72   system_stm32f10x.o
    0x0800138c   0x0800138c   0x00000028   Code   RO          506    i.SysTick_CLKSourceConfig  misc.o
    0x080013b4   0x080013b4   0x00000002   Code   RO          226    i.SysTick_Handler   stm32f10x_it.o
    0x080013b6   0x080013b6   0x00000002   PAD
    0x080013b8   0x080013b8   0x00000060   Code   RO          311    i.SystemInit        system_stm32f10x.o
    0x08001418   0x08001418   0x00000004   Code   RO          227    i.UsageFault_Handler  stm32f10x_it.o
    0x0800141c   0x0800141c   0x00000058   Code   RO          769    i.Write_IIC_Byte    oled.o
    0x08001474   0x08001474   0x0000002c   Code   RO          770    i.Write_IIC_Command  oled.o
    0x080014a0   0x080014a0   0x0000002c   Code   RO          771    i.Write_IIC_Data    oled.o
    0x080014cc   0x080014cc   0x0000000e   Code   RO         1259    i.__scatterload_copy  mc_w.l(handlers.o)
    0x080014da   0x080014da   0x00000002   Code   RO         1260    i.__scatterload_null  mc_w.l(handlers.o)
    0x080014dc   0x080014dc   0x0000000e   Code   RO         1261    i.__scatterload_zeroinit  mc_w.l(handlers.o)
    0x080014ea   0x080014ea   0x00000002   PAD
    0x080014ec   0x080014ec   0x00000044   Code   RO          193    i.delay_init        delay.o
    0x08001530   0x08001530   0x0000004c   Code   RO          194    i.delay_ms          delay.o
    0x0800157c   0x0800157c   0x0000004c   Code   RO          195    i.delay_us          delay.o
    0x080015c8   0x080015c8   0x00000058   Code   RO            1    i.display           main.o
    0x08001620   0x08001620   0x00000040   Code   RO            2    i.display_day       main.o
    0x08001660   0x08001660   0x00000040   Code   RO            3    i.display_hour      main.o
    0x080016a0   0x080016a0   0x00000040   Code   RO            4    i.display_min       main.o
    0x080016e0   0x080016e0   0x00000040   Code   RO            5    i.display_month     main.o
    0x08001720   0x08001720   0x00000040   Code   RO            6    i.display_sec       main.o
    0x08001760   0x08001760   0x00000040   Code   RO            7    i.display_year      main.o
    0x080017a0   0x080017a0   0x00000708   Code   RO            8    i.main              main.o
    0x08001ea8   0x08001ea8   0x00000016   Code   RO          772    i.oled_pow          oled.o
    0x08001ebe   0x08001ebe   0x00000002   PAD
    0x08001ec0   0x08001ec0   0x0000009c   Code   RO          773    i.show_bell         oled.o
    0x08001f5c   0x08001f5c   0x0000013a   Code   RO            9    i.show_time         main.o
    0x08002096   0x08002096   0x000000aa   Code   RO           10    i.show_time1        main.o
    0x08002140   0x08002140   0x000005f0   Data   RO         1144    .constdata          oled_r.o
    0x08002730   0x08002730   0x00000020   Data   RO         1257    Region$$Table       anon$$obj.o


    Execution Region ER_RW (Exec base: 0x20000000, Load base: 0x08002750, Size: 0x000002f8, Max: 0xffffffff, ABSOLUTE, COMPRESSED[0x000001c8])

    Exec Addr    Load Addr    Size         Type   Attr      Idx    E Section Name        Object

    0x20000000   COMPRESSED   0x00000019   Data   RW           11    .data               main.o
    0x20000019   COMPRESSED   0x00000001   PAD
    0x2000001a   COMPRESSED   0x00000004   Data   RW          196    .data               delay.o
    0x2000001e   COMPRESSED   0x00000002   PAD
    0x20000020   COMPRESSED   0x00000014   Data   RW          312    .data               system_stm32f10x.o
    0x20000034   COMPRESSED   0x000002c4   Data   RW          774    .data               oled.o


    Execution Region ER_ZI (Exec base: 0x200002f8, Load base: 0x08002918, Size: 0x00000400, Max: 0xffffffff, ABSOLUTE)

    Exec Addr    Load Addr    Size         Type   Attr      Idx    E Section Name        Object

    0x200002f8        -       0x00000400   Zero   RW          381    STACK               startup_stm32f10x_hd.o


==============================================================================

Image component sizes


      Code (inc. data)   RO Data    RW Data    ZI Data      Debug   Object Name

        44          4          0          0          0        465   beep.o
       220         26          0          4          0       1579   delay.o
       396         26          0          0          0       2809   dht11.o
       850         28          0          0          0       4448   ds1302.o
      2756        140          0         25          0     222607   main.o
       380         14          0          0          0       1636   matrixkey.o
        40          0          0          0          0        490   misc.o
      1774         92          0        708          0      12836   oled.o
       802         26       1520          0          0       7513   oled_r.o
        36          8        304          0       1024        780   startup_stm32f10x_hd.o
       314          0          0          0          0       4036   stm32f10x_gpio.o
        26          0          0          0          0       3398   stm32f10x_it.o
        32          6          0          0          0        537   stm32f10x_rcc.o
         0          0          0          0          0         32   sys.o
       328         28          0         20          0       1917   system_stm32f10x.o

    ----------------------------------------------------------------------
      8012        398       1856        760       1024     265083   Object Totals
         0          0         32          0          0          0   (incl. Generated)
        14          0          0          3          0          0   (incl. Padding)

    ----------------------------------------------------------------------

      Code (inc. data)   RO Data    RW Data    ZI Data      Debug   Library Member Name

        86          0          0          0          0          0   __dczerorl2.o
         0          0          0          0          0          0   entry.o
         0          0          0          0          0          0   entry10a.o
         0          0          0          0          0          0   entry11a.o
         8          4          0          0          0          0   entry2.o
         4          0          0          0          0          0   entry5.o
         0          0          0          0          0          0   entry7b.o
         0          0          0          0          0          0   entry8b.o
         8          4          0          0          0          0   entry9a.o
        30          0          0          0          0          0   handlers.o
        36          8          0          0          0         68   init.o
        20          0          0          0          0         68   strchr.o

    ----------------------------------------------------------------------
       196         16          0          0          0        136   Library Totals
         4          0          0          0          0          0   (incl. Padding)

    ----------------------------------------------------------------------

      Code (inc. data)   RO Data    RW Data    ZI Data      Debug   Library Name

       192         16          0          0          0        136   mc_w.l

    ----------------------------------------------------------------------
       196         16          0          0          0        136   Library Totals

    ----------------------------------------------------------------------

==============================================================================


      Code (inc. data)   RO Data    RW Data    ZI Data      Debug   

      8208        414       1856        760       1024     261343   Grand Totals
      8208        414       1856        456       1024     261343   ELF Image Totals (compressed)
      8208        414       1856        456          0          0   ROM Totals

==============================================================================

    Total RO  Size (Code + RO Data)                10064 (   9.83kB)
    Total RW  Size (RW Data + ZI Data)              1784 (   1.74kB)
    Total ROM Size (Code + RO Data + RW Data)      10520 (  10.27kB)

==============================================================================

